mode: set
crawl/deepl/utils/cliargs/argsfilter.go:11.45,14.26 2 1
crawl/deepl/utils/cliargs/argsfilter.go:14.26,16.3 1 1
crawl/deepl/utils/cliargs/argsfilter.go:17.2,24.29 6 1
crawl/deepl/utils/cliargs/argsfilter.go:24.29,26.24 2 1
crawl/deepl/utils/cliargs/argsfilter.go:26.24,28.4 1 1
crawl/deepl/utils/cliargs/argsfilter.go:31.2,31.29 1 1
crawl/deepl/utils/cliargs/argsfilter.go:31.29,33.3 1 1
crawl/deepl/utils/cliargs/argsfilter.go:35.2,35.27 1 1
crawl/deepl/utils/url/deepl_url_builder.go:10.80,14.2 3 1
crawl/deepl/utils/envutil/envutil.go:9.45,11.34 2 1
crawl/deepl/utils/envutil/envutil.go:11.34,14.3 2 1
crawl/deepl/utils/envutil/envutil.go:16.2,17.32 2 1
crawl/deepl/utils/envutil/envutil.go:17.32,20.3 2 1
crawl/deepl/utils/envutil/envutil.go:22.2,22.30 1 1
crawl/deepl/main.go:40.13,44.16 3 0
crawl/deepl/main.go:44.16,46.3 1 0
crawl/deepl/main.go:48.2,49.16 2 0
crawl/deepl/main.go:49.16,51.3 1 0
crawl/deepl/main.go:53.2,53.58 1 0
crawl/deepl/main.go:53.58,55.3 1 0
crawl/deepl/main.go:57.2,58.16 2 0
crawl/deepl/main.go:58.16,60.3 1 0
crawl/deepl/main.go:61.2,65.16 4 0
crawl/deepl/main.go:65.16,68.3 2 0
crawl/deepl/main.go:70.2,71.16 2 0
crawl/deepl/main.go:71.16,73.3 1 0
crawl/deepl/main.go:75.2,76.61 2 0
crawl/deepl/main.go:76.61,78.3 1 0
crawl/deepl/main.go:80.2,80.86 1 0
crawl/deepl/main.go:83.138,95.16 5 0
crawl/deepl/main.go:95.16,97.3 1 0
crawl/deepl/main.go:98.2,102.61 3 0
crawl/deepl/main.go:105.68,107.2 1 0
crawl/deepl/main.go:109.75,121.2 4 0
crawl/deepl/main.go:123.83,129.16 2 0
crawl/deepl/main.go:129.16,131.3 1 0
crawl/deepl/main.go:132.2,132.37 1 0
crawl/deepl/main.go:135.81,137.29 2 0
crawl/deepl/main.go:137.29,139.83 2 0
crawl/deepl/main.go:139.83,141.4 1 0
crawl/deepl/main.go:142.3,142.50 1 0
crawl/deepl/main.go:144.2,144.29 1 0
crawl/deepl/utils/telegrambot/telegrambot_util.go:13.58,15.34 2 0
crawl/deepl/utils/telegrambot/telegrambot_util.go:15.34,18.3 2 0
crawl/deepl/utils/telegrambot/telegrambot_util.go:20.2,21.35 2 0
crawl/deepl/utils/telegrambot/telegrambot_util.go:21.35,24.3 2 0
crawl/deepl/utils/telegrambot/telegrambot_util.go:26.2,27.16 2 0
crawl/deepl/utils/telegrambot/telegrambot_util.go:27.16,29.3 1 0
crawl/deepl/utils/telegrambot/telegrambot_util.go:31.2,32.16 2 0
crawl/deepl/utils/telegrambot/telegrambot_util.go:32.16,34.3 1 0
crawl/deepl/utils/telegrambot/telegrambot_util.go:36.2,36.25 1 0
crawl/deepl/utils/network/internet_check.go:10.38,15.16 4 0
crawl/deepl/utils/network/internet_check.go:15.16,17.3 1 0
crawl/deepl/utils/network/internet_check.go:18.2,20.12 2 0
crawl/deepl/utils/browser/chrome_context.go:10.99,19.2 2 0
crawl/deepl/utils/browser/chrome_context.go:21.118,23.16 2 0
crawl/deepl/utils/browser/chrome_context.go:23.16,25.3 1 0
crawl/deepl/utils/browser/chrome_context.go:26.2,26.25 1 0
crawl/deepl/utils/browser/chrome_context.go:30.90,33.16 3 0
crawl/deepl/utils/browser/chrome_context.go:33.16,35.3 1 0
crawl/deepl/utils/browser/chrome_context.go:36.2,37.22 2 0
crawl/deepl/utils/browser/chrome_context.go:37.22,40.3 2 0
crawl/deepl/utils/browser/chrome_context.go:41.2,41.58 1 0
